---
source: tests/source.rs
expression: json_response(res)

---
{
  "source": {
    "id": "[id]",
    "title": "TODO",
    "url": "example.com/seeded"
  },
  "opinions": [
    {
      "id": 1,
      "source_id": 1,
      "user_id": 1,
      "position": true,
      "body": "This opinion is true."
    }
  ],
  "votes": [
    1,
    0
  ]
}
