---
source: api/tests/source.rs
expression: json_response(res)

---
{
  "canonical_url": "test.com",
  "id": "[id]",
  "opinions": [
    {
      "body": "Test true opinion body.",
      "id": "[id]",
      "position": true
    },
    {
      "body": "Test false opinion body.",
      "id": "[id]",
      "position": false
    },
    {
      "body": "This opinion is true.",
      "id": "[id]",
      "position": true
    }
  ],
  "title": "Test title",
  "votes": [
    0,
    0
  ]
}
