---
source: api/tests/source.rs
expression: json_response(res)

---
{
  "opinions": [
    {
      "body": "Test true opinion body.",
      "created_at": "[created_at]",
      "id": "[id]",
      "position": true,
      "source_id": 1,
      "user_id": 1
    },
    {
      "body": "Test false opinion body.",
      "created_at": "[created_at]",
      "id": "[id]",
      "position": false,
      "source_id": 1,
      "user_id": 1
    },
    {
      "body": "This opinion is true.",
      "created_at": "[created_at]",
      "id": "[id]",
      "position": true,
      "source_id": 1,
      "user_id": 1
    }
  ],
  "source": {
    "created_at": "[created_at]",
    "id": "[id]",
    "title": "Test title",
    "url": "test.com"
  },
  "votes": [
    0,
    0
  ]
}
